<html>
<body>
<pre>
<h1>µVision Build Log</h1>
<h2>Tool Versions:</h2>
IDE-Version: µVision V5.24.2.0
Copyright (C) 2017 ARM Ltd and ARM Germany GmbH. All rights reserved.
License Information: Eric Praetzel, ECE Dept, LIC=----
 
Tool Versions:
Toolchain:       MDK-Lite  Version: 5.24.1
Toolchain Path:  C:\Software\Keil_v5\ARM\ARMCC\Bin
C Compiler:      Armcc.exe V5.06 update 5 (build 528)
Assembler:       Armasm.exe V5.06 update 5 (build 528)
Linker/Locator:  ArmLink.exe V5.06 update 5 (build 528)
Library Manager: ArmAr.exe V5.06 update 5 (build 528)
Hex Converter:   FromElf.exe V5.06 update 5 (build 528)
CPU DLL:         SARMCM3.DLL V5.24.1
Dialog DLL:      DCM.DLL V1.16.0.0
Target DLL:      UL2CM3.DLL V1.160.3.0
Dialog DLL:      TCM.DLL V1.32.0.0
 
<h2>Project:</h2>
C:\Users\asharomu\Desktop\Lab 5 New\Lab5New.uvprojx
Project File Date:  11/18/2019

<h2>Output:</h2>
*** Using Compiler 'V5.06 update 5 (build 528)', folder: 'C:\Software\Keil_v5\ARM\ARMCC\Bin'
Rebuild target 'Target 1'
compiling uart.c...
compiling GLCD_SPI_LPC1700.c...
compiling GLCD_Scroll.c...
compiling Retarget.c...
compiling rtx_lib.c...
assembling startup_LPC17xx.s...
compiling main.c...
..\Lab5\main.c(149): warning:  #61-D: integer operation result is out of range
  		while((
PC_ADC->ADGDR & (1<<31))==0){}
..\Lab5\main.c(149): warning:  #68-D: integer conversion resulted in a change of sign
  		while((
PC_ADC->ADGDR & (1<<31))==0){}
..\Lab5\main.c(176): warning:  #61-D: integer operation result is out of range
  	
PC_GPIO1->FIODIR |= (1<<28) | (1<<29) | (1<<31);
..\Lab5\main.c(189): warning:  #61-D: integer operation result is out of range
  				
PC_GPIO1->FIOSET |= (1<<31);
..\Lab5\main.c(189): warning:  #68-D: integer conversion resulted in a change of sign
  				
PC_GPIO1->FIOSET |= (1<<31);
..\Lab5\main.c(191): warning:  #61-D: integer operation result is out of range
  				
PC_GPIO1->FIOCLR |= (1<<31);
..\Lab5\main.c(191): warning:  #68-D: integer conversion resulted in a change of sign
  				
PC_GPIO1->FIOCLR |= (1<<31);
..\Lab5\main.c: 7 warnings, 0 errors
compiling RTX_Config.c...
compiling system_LPC17xx.c...
linking...
Program Size: Code=12928 RO-data=6780 RW-data=10928 ZI-data=9224  
".\Objects\Lab5New.axf" - 0 Error(s), 7 Warning(s).

<h2>Software Packages used:</h2>

Package Vendor: ARM
                http://www.keil.com/pack/ARM.CMSIS.5.3.0.pack
                ARM.CMSIS.5.3.0
                CMSIS (Cortex Microcontroller Software Interface Standard)
   * Component: Keil RTX5 Variant: Library Version: 5.3.0
   * Component: CORE Version: 5.1.1
   * Component: RTOS2 Version: 2.1.2

Package Vendor: Keil
                http://www.keil.com/pack/Keil.LPC1700_DFP.2.4.0.pack
                Keil.LPC1700_DFP.2.4.0
                NXP LPC1700 Series Device Support, Drivers and Examples for MCB1700 and LPC1788-32
   * Component: Startup Version: 1.0.0

<h2>Collection of Component include folders:</h2>
  .\RTE\CMSIS
  .\RTE\Device\LPC1768
  .\RTE\_Target_1
  C:\Software\Keil_v5\ARM\PACK\ARM\CMSIS\5.3.0\CMSIS\Include
  C:\Software\Keil_v5\ARM\PACK\ARM\CMSIS\5.3.0\CMSIS\RTOS2\Include
  C:\Software\Keil_v5\ARM\PACK\ARM\CMSIS\5.3.0\CMSIS\RTOS2\RTX\Include
  C:\Software\Keil_v5\ARM\PACK\Keil\LPC1700_DFP\2.4.0\Device\Include

<h2>Collection of Component Files used:</h2>

   * Component: Keil::Device:Startup:1.0.0
      Include file:  Device\Include\LPC17xx.h
      Source file:   Device\Source\ARM\startup_LPC17xx.s
      Include file:  RTE_Driver\Config\RTE_Device.h
      Source file:   Device\Source\system_LPC17xx.c

   * Component: ARM::CMSIS:RTOS2:Keil RTX5:Library:5.3.0
      Source file:   CMSIS\RTOS2\RTX\Template\main.c
      Source file:   CMSIS\RTOS2\RTX\Source\rtx_lib.c
      Include file:  CMSIS\RTOS2\RTX\Include\rtx_os.h
      Include file:  CMSIS\RTOS2\RTX\Config\RTX_Config.h
      Source file:   CMSIS\RTOS2\RTX\Template\Events.c
      Source file:   CMSIS\RTOS2\RTX\Template\MemPool.c
      Source file:   CMSIS\RTOS2\RTX\Template\svc_user.c
      Source file:   CMSIS\RTOS2\RTX\Template\Mutex.c
      Source file:   CMSIS\RTOS2\RTX\Template\Semaphore.c
      Source file:   CMSIS\RTOS2\RTX\Template\Timer.c
      Library file:  CMSIS\RTOS2\RTX\Library\ARM\RTX_CM3.lib
      Source file:   CMSIS\RTOS2\RTX\Template\Thread.c
      Source file:   CMSIS\RTOS2\RTX\Template\MsgQueue.c
      Source file:   CMSIS\RTOS2\RTX\Config\RTX_Config.c

   * Component: ARM::CMSIS:CORE:5.1.1

   * Component: ::CMSIS:RTOS2:2.1.2 (API)
      Include file:  CMSIS\RTOS2\Include\cmsis_os2.h
Build Time Elapsed:  00:00:01
</pre>
</body>
</html>
